// Jest Snapshot v1, https://jestjs.io/docs/snapshot-testing

exports[`<Clear/> component <Content/> renders correctly 1`] = `
<div
  className="react-select-clean-content react-select-clean-type-multi"
  onClick={[Function]}
>
  <span
    className="react-select-clean-option"
    role="listitem"
  >
    <span
      className="react-select-clean-option-label"
    >
      Leanne Graham
    </span>
    <span
      className="react-select-clean-option-remove"
      onClick={[Function]}
    >
      ×
    </span>
  </span>
  <input
    className="react-select-clean-input react-select-clean-input-readonly"
    onBlur={[Function]}
    onClick={[Function]}
    onFocus={[Function]}
    onKeyPress={[Function]}
    placeholder=""
    tabIndex="-1"
    value=""
  />
</div>
`;
