// Jest Snapshot v1, https://jestjs.io/docs/snapshot-testing

exports[`<Clear/> component <Content/> renders correctly 1`] = `
<div
  className="react-clean-select-content react-clean-select-type-multi"
  onClick={[Function]}
>
  <span
    className="react-clean-select-option"
    role="listitem"
  >
    <span
      className="react-clean-select-option-label"
    >
      Leanne Graham
    </span>
    <span
      className="react-clean-select-option-remove"
      onClick={[Function]}
    >
      ×
    </span>
  </span>
  <input
    className="react-clean-select-input react-clean-select-input-readonly"
    onBlur={[Function]}
    onClick={[Function]}
    onFocus={[Function]}
    onKeyPress={[Function]}
    placeholder=""
    tabIndex="-1"
    value=""
  />
</div>
`;
