// Jest Snapshot v1, https://jestjs.io/docs/snapshot-testing

exports[`<Dropdown/> renders correctly 1`] = `
<div
  aria-expanded="true"
  className="react-dropdown-select-dropdown react-dropdown-select-dropdown-position-undefined"
  role="list"
  tabIndex="-1"
>
  <div
    className="react-dropdown-select-no-data"
  />
</div>
`;
