// Jest Snapshot v1, https://jestjs.io/docs/snapshot-testing

exports[`<Dropdown/> renders correctly 1`] = `
<div
  aria-expanded="true"
  className="react-select-clean-dropdown react-select-clean-dropdown-position-undefined"
  role="list"
  tabIndex="-1"
>
  <div
    className="react-select-clean-no-data"
  />
</div>
`;
