// Jest Snapshot v1, https://jestjs.io/docs/snapshot-testing

exports[`<Input/> is disabled 1`] = `
<input
  className="react-clean-select-input"
  onBlur={[Function]}
  onClick={[Function]}
  onFocus={[Function]}
  onKeyPress={[Function]}
  placeholder=""
  tabIndex="-1"
/>
`;

exports[`<Input/> renders correctly 1`] = `
<input
  className="react-clean-select-input"
  onBlur={[Function]}
  onClick={[Function]}
  onFocus={[Function]}
  onKeyPress={[Function]}
  placeholder=""
  tabIndex="-1"
/>
`;
