// Jest Snapshot v1, https://jestjs.io/docs/snapshot-testing

exports[`<Item/> component pass item renderer 1`] = `
<span
  className="react-clean-select-item"
  onClick={[Function]}
  onKeyPress={[Function]}
  role="option"
  tabIndex="-1"
>

</span>
`;

exports[`<Item/> component renders correctly 1`] = `
<span
  className="react-clean-select-item"
  onClick={[Function]}
  onKeyPress={[Function]}
  role="option"
  tabIndex="-1"
>

</span>
`;
