// Jest Snapshot v1, https://jestjs.io/docs/snapshot-testing

exports[`<Option/> component renders correctly 1`] = `
<span
  className="react-select-clean-option"
  role="listitem"
>
  <span
    className="react-select-clean-option-label"
  />
  <span
    className="react-select-clean-option-remove"
    onClick={[Function]}
  >
    ×
  </span>
</span>
`;
